Server is running on http://localhost:3003
Random selection, idx: 3
Random selection, idx: 9
Random selection, idx: 8
Random selection, idx: 2
Random selection, idx: 8
[2025-12-28T04:30:12.529Z] POST /api/generate - 200 (6ms)
[2025-12-28T04:30:49.979Z] GET /api/config - 200 (1ms)
Random selection, idx: 1
Random selection, idx: 8
Random selection, idx: 1
Random selection, idx: 2
Random selection, idx: 7
Random selection, idx: 2
Random selection, idx: 8
Random selection, idx: 2
Random selection, idx: 2
Random selection, idx: 2
Random selection, idx: 2
Random selection, idx: 8
Random selection, idx: 11
Random selection, idx: 7
Random selection, idx: 5
[2025-12-28T04:30:50.023Z] POST /api/generate - 200 (3ms)
Random selection, idx: 0
Random selection, idx: 2
Random selection, idx: 9
Random selection, idx: 5
Random selection, idx: 7
Random selection, idx: 0
Random selection, idx: 1
Random selection, idx: 6
Random selection, idx: 5
Random selection, idx: 3
Random selection, idx: 2
Random selection, idx: 0
Random selection, idx: 8
Random selection, idx: 0
Random selection, idx: 0
[2025-12-28T04:30:52.902Z] POST /api/generate - 200 (2ms)
[2025-12-28T04:40:14.064Z] GET /api/config - 200 (1ms)
Random selection, idx: 2
Random selection, idx: 1
Random selection, idx: 7
Random selection, idx: 2
Random selection, idx: 7
Random selection, idx: 1
Random selection, idx: 8
Random selection, idx: 6
Random selection, idx: 6
Random selection, idx: 3
Random selection, idx: 1
Random selection, idx: 6
Random selection, idx: 3
Random selection, idx: 1
Random selection, idx: 6
[2025-12-28T04:40:14.091Z] POST /api/generate - 200 (3ms)
Random selection, idx: 2
Random selection, idx: 1
Random selection, idx: 0
Random selection, idx: 2
Random selection, idx: 4
Random selection, idx: 2
Random selection, idx: 5
Random selection, idx: 5
Random selection, idx: 7
Random selection, idx: 1
Random selection, idx: 0
Random selection, idx: 7
Random selection, idx: 8
Random selection, idx: 4
Random selection, idx: 5
[2025-12-28T04:40:37.279Z] POST /api/generate - 200 (2ms)
[2025-12-28T04:46:57.976Z] GET /api/config - 200 (0ms)
Random selection, idx: 2
Random selection, idx: 0
Random selection, idx: 0
Random selection, idx: 9
Random selection, idx: 4
Random selection, idx: 0
Random selection, idx: 4
Random selection, idx: 0
Random selection, idx: 4
Random selection, idx: 1
Random selection, idx: 2
Random selection, idx: 4
Random selection, idx: 0
Random selection, idx: 1
Random selection, idx: 2
[2025-12-28T04:46:58.016Z] POST /api/generate - 200 (10ms)
[2025-12-28T04:48:30.886Z] GET /api/config - 200 (1ms)
Random selection, idx: 1
Random selection, idx: 3
Random selection, idx: 6
Random selection, idx: 7
Random selection, idx: 5
Random selection, idx: 0
Random selection, idx: 5
Random selection, idx: 9
Random selection, idx: 7
Random selection, idx: 6
Random selection, idx: 1
Random selection, idx: 9
Random selection, idx: 0
Random selection, idx: 1
Random selection, idx: 4
[2025-12-28T04:48:30.937Z] POST /api/generate - 200 (22ms)
[2025-12-28T04:48:36.815Z] GET /api/config - 304 (1ms)
Random selection, idx: 0
Random selection, idx: 7
Random selection, idx: 11
Random selection, idx: 8
Random selection, idx: 0
Random selection, idx: 0
Random selection, idx: 5
Random selection, idx: 1
Random selection, idx: 4
Random selection, idx: 4
Random selection, idx: 3
Random selection, idx: 7
Random selection, idx: 1
Random selection, idx: 6
Random selection, idx: 7
[2025-12-28T04:48:36.831Z] POST /api/generate - 200 (1ms)
[2025-12-28T04:49:02.305Z] GET /api/config - 200 (1ms)
Random selection, idx: 2
Random selection, idx: 5
Random selection, idx: 7
Random selection, idx: 0
Random selection, idx: 4
Random selection, idx: 1
Random selection, idx: 4
Random selection, idx: 4
Random selection, idx: 1
Random selection, idx: 0
Random selection, idx: 2
Random selection, idx: 1
Random selection, idx: 8
Random selection, idx: 2
Random selection, idx: 4
[2025-12-28T04:49:02.323Z] POST /api/generate - 200 (7ms)
[2025-12-28T04:49:49.009Z] GET /.well-known/appspecific/com.chrome.devtools.json - 404 (3ms)
[2025-12-28T04:50:41.380Z] GET /api/config - 200 (1ms)
Random selection, idx: 1
Random selection, idx: 1
Random selection, idx: 4
Random selection, idx: 4
Random selection, idx: 4
Random selection, idx: 0
Random selection, idx: 9
Random selection, idx: 9
Random selection, idx: 1
Random selection, idx: 7
Random selection, idx: 3
Random selection, idx: 3
Random selection, idx: 6
Random selection, idx: 7
Random selection, idx: 0
[2025-12-28T04:50:41.402Z] POST /api/generate - 200 (4ms)
[2025-12-28T04:52:07.756Z] GET /api/config - 200 (1ms)
Random selection, idx: 0
Random selection, idx: 1
Random selection, idx: 6
Random selection, idx: 2
Random selection, idx: 1
Random selection, idx: 0
Random selection, idx: 0
Random selection, idx: 4
Random selection, idx: 7
Random selection, idx: 6
Random selection, idx: 0
Random selection, idx: 0
Random selection, idx: 2
Random selection, idx: 2
Random selection, idx: 5
[2025-12-28T04:52:07.807Z] POST /api/generate - 200 (16ms)
[2025-12-28T06:56:44.452Z] GET /api/config - 200 (1ms)
Random selection, idx: 2
Random selection, idx: 7
Random selection, idx: 4
Random selection, idx: 4
Random selection, idx: 7
Random selection, idx: 0
Random selection, idx: 0
Random selection, idx: 8
Random selection, idx: 2
Random selection, idx: 2
Random selection, idx: 2
Random selection, idx: 8
Random selection, idx: 8
Random selection, idx: 8
Random selection, idx: 7
[2025-12-28T06:56:44.495Z] POST /api/generate - 200 (7ms)
Random selection, idx: 0
Random selection, idx: 8
Random selection, idx: 2
Random selection, idx: 6
Random selection, idx: 3
Random selection, idx: 1
Random selection, idx: 8
Random selection, idx: 1
Random selection, idx: 4
Random selection, idx: 1
Random selection, idx: 1
Random selection, idx: 6
Random selection, idx: 8
Random selection, idx: 5
Random selection, idx: 6
[2025-12-28T06:57:27.604Z] POST /api/generate - 200 (3ms)
[2025-12-28T06:59:58.893Z] GET /api/config - 200 (0ms)
Random selection, idx: 1
Random selection, idx: 6
Random selection, idx: 10
Random selection, idx: 2
Random selection, idx: 1
Random selection, idx: 0
Random selection, idx: 5
Random selection, idx: 0
Random selection, idx: 1
Random selection, idx: 0
Random selection, idx: 1
Random selection, idx: 6
Random selection, idx: 8
Random selection, idx: 4
Random selection, idx: 3
[2025-12-28T06:59:58.922Z] POST /api/generate - 200 (14ms)
Random selection, idx: 1
Random selection, idx: 3
Random selection, idx: 7
Random selection, idx: 7
Random selection, idx: 3
Random selection, idx: 0
Random selection, idx: 4
Random selection, idx: 7
Random selection, idx: 5
Random selection, idx: 4
Random selection, idx: 0
Random selection, idx: 1
Random selection, idx: 8
Random selection, idx: 7
Random selection, idx: 2
[2025-12-28T07:00:00.942Z] POST /api/generate - 200 (1ms)
Random selection, idx: 1
Random selection, idx: 2
Random selection, idx: 9
Random selection, idx: 6
Random selection, idx: 4
Random selection, idx: 2
Random selection, idx: 6
Random selection, idx: 11
Random selection, idx: 6
Random selection, idx: 5
Random selection, idx: 0
Random selection, idx: 8
Random selection, idx: 6
Random selection, idx: 1
Random selection, idx: 0
[2025-12-28T07:00:03.711Z] POST /api/generate - 200 (0ms)
[2025-12-28T07:20:12.211Z] GET /api/rules - 404 (1ms)
[2025-12-28T07:20:31.190Z] GET /api/rules - 404 (0ms)
